// Jest Snapshot v1, https://goo.gl/fbAQLP

exports[`Home Home must be render correctly 1`] = `
ShallowWrapper {
  Symbol(enzyme.__root__): [Circular],
  Symbol(enzyme.__unrendered__): <Home />,
  Symbol(enzyme.__renderer__): Object {
    "batchedUpdates": [Function],
    "getNode": [Function],
    "render": [Function],
    "simulateError": [Function],
    "simulateEvent": [Function],
    "unmount": [Function],
  },
  Symbol(enzyme.__node__): Object {
    "instance": null,
    "key": undefined,
    "nodeType": "host",
    "props": Object {
      "children": Array [
        <Query
          query={
                    Object {
                              "definitions": Array [
                                Object {
                                  "directives": Array [],
                                  "kind": "OperationDefinition",
                                  "name": Object {
                                    "kind": "Name",
                                    "value": "me",
                                  },
                                  "operation": "query",
                                  "selectionSet": Object {
                                    "kind": "SelectionSet",
                                    "selections": Array [
                                      Object {
                                        "alias": undefined,
                                        "arguments": Array [],
                                        "directives": Array [],
                                        "kind": "Field",
                                        "name": Object {
                                          "kind": "Name",
                                          "value": "me",
                                        },
                                        "selectionSet": Object {
                                          "kind": "SelectionSet",
                                          "selections": Array [
                                            Object {
                                              "alias": undefined,
                                              "arguments": Array [],
                                              "directives": Array [],
                                              "kind": "Field",
                                              "name": Object {
                                                "kind": "Name",
                                                "value": "name",
                                              },
                                              "selectionSet": undefined,
                                            },
                                          ],
                                        },
                                      },
                                    ],
                                  },
                                  "variableDefinitions": Array [],
                                },
                              ],
                              "kind": "Document",
                              "loc": Object {
                                "end": 61,
                                "start": 0,
                              },
                            }
          }
>
          [Function]
</Query>,
        <div
          className="row container-fluid"
>
          <Query
                    query={
                              Object {
                                        "definitions": Array [
                                          Object {
                                            "directives": Array [],
                                            "kind": "OperationDefinition",
                                            "name": Object {
                                              "kind": "Name",
                                              "value": "movies",
                                            },
                                            "operation": "query",
                                            "selectionSet": Object {
                                              "kind": "SelectionSet",
                                              "selections": Array [
                                                Object {
                                                  "alias": undefined,
                                                  "arguments": Array [],
                                                  "directives": Array [],
                                                  "kind": "Field",
                                                  "name": Object {
                                                    "kind": "Name",
                                                    "value": "movies",
                                                  },
                                                  "selectionSet": Object {
                                                    "kind": "SelectionSet",
                                                    "selections": Array [
                                                      Object {
                                                        "alias": undefined,
                                                        "arguments": Array [],
                                                        "directives": Array [],
                                                        "kind": "Field",
                                                        "name": Object {
                                                          "kind": "Name",
                                                          "value": "id",
                                                        },
                                                        "selectionSet": undefined,
                                                      },
                                                      Object {
                                                        "alias": undefined,
                                                        "arguments": Array [],
                                                        "directives": Array [],
                                                        "kind": "Field",
                                                        "name": Object {
                                                          "kind": "Name",
                                                          "value": "title",
                                                        },
                                                        "selectionSet": undefined,
                                                      },
                                                      Object {
                                                        "alias": undefined,
                                                        "arguments": Array [],
                                                        "directives": Array [],
                                                        "kind": "Field",
                                                        "name": Object {
                                                          "kind": "Name",
                                                          "value": "poster",
                                                        },
                                                        "selectionSet": undefined,
                                                      },
                                                    ],
                                                  },
                                                },
                                              ],
                                            },
                                            "variableDefinitions": Array [],
                                          },
                                        ],
                                        "kind": "Document",
                                        "loc": Object {
                                          "end": 105,
                                          "start": 0,
                                        },
                                      }
                    }
          >
                    [Function]
          </Query>
</div>,
      ],
    },
    "ref": null,
    "rendered": Array [
      Object {
        "instance": null,
        "key": undefined,
        "nodeType": "class",
        "props": Object {
          "children": [Function],
          "query": Object {
            "definitions": Array [
              Object {
                "directives": Array [],
                "kind": "OperationDefinition",
                "name": Object {
                  "kind": "Name",
                  "value": "me",
                },
                "operation": "query",
                "selectionSet": Object {
                  "kind": "SelectionSet",
                  "selections": Array [
                    Object {
                      "alias": undefined,
                      "arguments": Array [],
                      "directives": Array [],
                      "kind": "Field",
                      "name": Object {
                        "kind": "Name",
                        "value": "me",
                      },
                      "selectionSet": Object {
                        "kind": "SelectionSet",
                        "selections": Array [
                          Object {
                            "alias": undefined,
                            "arguments": Array [],
                            "directives": Array [],
                            "kind": "Field",
                            "name": Object {
                              "kind": "Name",
                              "value": "name",
                            },
                            "selectionSet": undefined,
                          },
                        ],
                      },
                    },
                  ],
                },
                "variableDefinitions": Array [],
              },
            ],
            "kind": "Document",
            "loc": Object {
              "end": 61,
              "start": 0,
            },
          },
        },
        "ref": null,
        "rendered": [Function],
        "type": [Function],
      },
      Object {
        "instance": null,
        "key": undefined,
        "nodeType": "host",
        "props": Object {
          "children": <Query
            query={
                        Object {
                                    "definitions": Array [
                                      Object {
                                        "directives": Array [],
                                        "kind": "OperationDefinition",
                                        "name": Object {
                                          "kind": "Name",
                                          "value": "movies",
                                        },
                                        "operation": "query",
                                        "selectionSet": Object {
                                          "kind": "SelectionSet",
                                          "selections": Array [
                                            Object {
                                              "alias": undefined,
                                              "arguments": Array [],
                                              "directives": Array [],
                                              "kind": "Field",
                                              "name": Object {
                                                "kind": "Name",
                                                "value": "movies",
                                              },
                                              "selectionSet": Object {
                                                "kind": "SelectionSet",
                                                "selections": Array [
                                                  Object {
                                                    "alias": undefined,
                                                    "arguments": Array [],
                                                    "directives": Array [],
                                                    "kind": "Field",
                                                    "name": Object {
                                                      "kind": "Name",
                                                      "value": "id",
                                                    },
                                                    "selectionSet": undefined,
                                                  },
                                                  Object {
                                                    "alias": undefined,
                                                    "arguments": Array [],
                                                    "directives": Array [],
                                                    "kind": "Field",
                                                    "name": Object {
                                                      "kind": "Name",
                                                      "value": "title",
                                                    },
                                                    "selectionSet": undefined,
                                                  },
                                                  Object {
                                                    "alias": undefined,
                                                    "arguments": Array [],
                                                    "directives": Array [],
                                                    "kind": "Field",
                                                    "name": Object {
                                                      "kind": "Name",
                                                      "value": "poster",
                                                    },
                                                    "selectionSet": undefined,
                                                  },
                                                ],
                                              },
                                            },
                                          ],
                                        },
                                        "variableDefinitions": Array [],
                                      },
                                    ],
                                    "kind": "Document",
                                    "loc": Object {
                                      "end": 105,
                                      "start": 0,
                                    },
                                  }
            }
>
            [Function]
</Query>,
          "className": "row container-fluid",
        },
        "ref": null,
        "rendered": Object {
          "instance": null,
          "key": undefined,
          "nodeType": "class",
          "props": Object {
            "children": [Function],
            "query": Object {
              "definitions": Array [
                Object {
                  "directives": Array [],
                  "kind": "OperationDefinition",
                  "name": Object {
                    "kind": "Name",
                    "value": "movies",
                  },
                  "operation": "query",
                  "selectionSet": Object {
                    "kind": "SelectionSet",
                    "selections": Array [
                      Object {
                        "alias": undefined,
                        "arguments": Array [],
                        "directives": Array [],
                        "kind": "Field",
                        "name": Object {
                          "kind": "Name",
                          "value": "movies",
                        },
                        "selectionSet": Object {
                          "kind": "SelectionSet",
                          "selections": Array [
                            Object {
                              "alias": undefined,
                              "arguments": Array [],
                              "directives": Array [],
                              "kind": "Field",
                              "name": Object {
                                "kind": "Name",
                                "value": "id",
                              },
                              "selectionSet": undefined,
                            },
                            Object {
                              "alias": undefined,
                              "arguments": Array [],
                              "directives": Array [],
                              "kind": "Field",
                              "name": Object {
                                "kind": "Name",
                                "value": "title",
                              },
                              "selectionSet": undefined,
                            },
                            Object {
                              "alias": undefined,
                              "arguments": Array [],
                              "directives": Array [],
                              "kind": "Field",
                              "name": Object {
                                "kind": "Name",
                                "value": "poster",
                              },
                              "selectionSet": undefined,
                            },
                          ],
                        },
                      },
                    ],
                  },
                  "variableDefinitions": Array [],
                },
              ],
              "kind": "Document",
              "loc": Object {
                "end": 105,
                "start": 0,
              },
            },
          },
          "ref": null,
          "rendered": [Function],
          "type": [Function],
        },
        "type": "div",
      },
    ],
    "type": "div",
  },
  Symbol(enzyme.__nodes__): Array [
    Object {
      "instance": null,
      "key": undefined,
      "nodeType": "host",
      "props": Object {
        "children": Array [
          <Query
            query={
                        Object {
                                    "definitions": Array [
                                      Object {
                                        "directives": Array [],
                                        "kind": "OperationDefinition",
                                        "name": Object {
                                          "kind": "Name",
                                          "value": "me",
                                        },
                                        "operation": "query",
                                        "selectionSet": Object {
                                          "kind": "SelectionSet",
                                          "selections": Array [
                                            Object {
                                              "alias": undefined,
                                              "arguments": Array [],
                                              "directives": Array [],
                                              "kind": "Field",
                                              "name": Object {
                                                "kind": "Name",
                                                "value": "me",
                                              },
                                              "selectionSet": Object {
                                                "kind": "SelectionSet",
                                                "selections": Array [
                                                  Object {
                                                    "alias": undefined,
                                                    "arguments": Array [],
                                                    "directives": Array [],
                                                    "kind": "Field",
                                                    "name": Object {
                                                      "kind": "Name",
                                                      "value": "name",
                                                    },
                                                    "selectionSet": undefined,
                                                  },
                                                ],
                                              },
                                            },
                                          ],
                                        },
                                        "variableDefinitions": Array [],
                                      },
                                    ],
                                    "kind": "Document",
                                    "loc": Object {
                                      "end": 61,
                                      "start": 0,
                                    },
                                  }
            }
>
            [Function]
</Query>,
          <div
            className="row container-fluid"
>
            <Query
                        query={
                                    Object {
                                                "definitions": Array [
                                                  Object {
                                                    "directives": Array [],
                                                    "kind": "OperationDefinition",
                                                    "name": Object {
                                                      "kind": "Name",
                                                      "value": "movies",
                                                    },
                                                    "operation": "query",
                                                    "selectionSet": Object {
                                                      "kind": "SelectionSet",
                                                      "selections": Array [
                                                        Object {
                                                          "alias": undefined,
                                                          "arguments": Array [],
                                                          "directives": Array [],
                                                          "kind": "Field",
                                                          "name": Object {
                                                            "kind": "Name",
                                                            "value": "movies",
                                                          },
                                                          "selectionSet": Object {
                                                            "kind": "SelectionSet",
                                                            "selections": Array [
                                                              Object {
                                                                "alias": undefined,
                                                                "arguments": Array [],
                                                                "directives": Array [],
                                                                "kind": "Field",
                                                                "name": Object {
                                                                  "kind": "Name",
                                                                  "value": "id",
                                                                },
                                                                "selectionSet": undefined,
                                                              },
                                                              Object {
                                                                "alias": undefined,
                                                                "arguments": Array [],
                                                                "directives": Array [],
                                                                "kind": "Field",
                                                                "name": Object {
                                                                  "kind": "Name",
                                                                  "value": "title",
                                                                },
                                                                "selectionSet": undefined,
                                                              },
                                                              Object {
                                                                "alias": undefined,
                                                                "arguments": Array [],
                                                                "directives": Array [],
                                                                "kind": "Field",
                                                                "name": Object {
                                                                  "kind": "Name",
                                                                  "value": "poster",
                                                                },
                                                                "selectionSet": undefined,
                                                              },
                                                            ],
                                                          },
                                                        },
                                                      ],
                                                    },
                                                    "variableDefinitions": Array [],
                                                  },
                                                ],
                                                "kind": "Document",
                                                "loc": Object {
                                                  "end": 105,
                                                  "start": 0,
                                                },
                                              }
                        }
            >
                        [Function]
            </Query>
</div>,
        ],
      },
      "ref": null,
      "rendered": Array [
        Object {
          "instance": null,
          "key": undefined,
          "nodeType": "class",
          "props": Object {
            "children": [Function],
            "query": Object {
              "definitions": Array [
                Object {
                  "directives": Array [],
                  "kind": "OperationDefinition",
                  "name": Object {
                    "kind": "Name",
                    "value": "me",
                  },
                  "operation": "query",
                  "selectionSet": Object {
                    "kind": "SelectionSet",
                    "selections": Array [
                      Object {
                        "alias": undefined,
                        "arguments": Array [],
                        "directives": Array [],
                        "kind": "Field",
                        "name": Object {
                          "kind": "Name",
                          "value": "me",
                        },
                        "selectionSet": Object {
                          "kind": "SelectionSet",
                          "selections": Array [
                            Object {
                              "alias": undefined,
                              "arguments": Array [],
                              "directives": Array [],
                              "kind": "Field",
                              "name": Object {
                                "kind": "Name",
                                "value": "name",
                              },
                              "selectionSet": undefined,
                            },
                          ],
                        },
                      },
                    ],
                  },
                  "variableDefinitions": Array [],
                },
              ],
              "kind": "Document",
              "loc": Object {
                "end": 61,
                "start": 0,
              },
            },
          },
          "ref": null,
          "rendered": [Function],
          "type": [Function],
        },
        Object {
          "instance": null,
          "key": undefined,
          "nodeType": "host",
          "props": Object {
            "children": <Query
              query={
                            Object {
                                          "definitions": Array [
                                            Object {
                                              "directives": Array [],
                                              "kind": "OperationDefinition",
                                              "name": Object {
                                                "kind": "Name",
                                                "value": "movies",
                                              },
                                              "operation": "query",
                                              "selectionSet": Object {
                                                "kind": "SelectionSet",
                                                "selections": Array [
                                                  Object {
                                                    "alias": undefined,
                                                    "arguments": Array [],
                                                    "directives": Array [],
                                                    "kind": "Field",
                                                    "name": Object {
                                                      "kind": "Name",
                                                      "value": "movies",
                                                    },
                                                    "selectionSet": Object {
                                                      "kind": "SelectionSet",
                                                      "selections": Array [
                                                        Object {
                                                          "alias": undefined,
                                                          "arguments": Array [],
                                                          "directives": Array [],
                                                          "kind": "Field",
                                                          "name": Object {
                                                            "kind": "Name",
                                                            "value": "id",
                                                          },
                                                          "selectionSet": undefined,
                                                        },
                                                        Object {
                                                          "alias": undefined,
                                                          "arguments": Array [],
                                                          "directives": Array [],
                                                          "kind": "Field",
                                                          "name": Object {
                                                            "kind": "Name",
                                                            "value": "title",
                                                          },
                                                          "selectionSet": undefined,
                                                        },
                                                        Object {
                                                          "alias": undefined,
                                                          "arguments": Array [],
                                                          "directives": Array [],
                                                          "kind": "Field",
                                                          "name": Object {
                                                            "kind": "Name",
                                                            "value": "poster",
                                                          },
                                                          "selectionSet": undefined,
                                                        },
                                                      ],
                                                    },
                                                  },
                                                ],
                                              },
                                              "variableDefinitions": Array [],
                                            },
                                          ],
                                          "kind": "Document",
                                          "loc": Object {
                                            "end": 105,
                                            "start": 0,
                                          },
                                        }
              }
>
              [Function]
</Query>,
            "className": "row container-fluid",
          },
          "ref": null,
          "rendered": Object {
            "instance": null,
            "key": undefined,
            "nodeType": "class",
            "props": Object {
              "children": [Function],
              "query": Object {
                "definitions": Array [
                  Object {
                    "directives": Array [],
                    "kind": "OperationDefinition",
                    "name": Object {
                      "kind": "Name",
                      "value": "movies",
                    },
                    "operation": "query",
                    "selectionSet": Object {
                      "kind": "SelectionSet",
                      "selections": Array [
                        Object {
                          "alias": undefined,
                          "arguments": Array [],
                          "directives": Array [],
                          "kind": "Field",
                          "name": Object {
                            "kind": "Name",
                            "value": "movies",
                          },
                          "selectionSet": Object {
                            "kind": "SelectionSet",
                            "selections": Array [
                              Object {
                                "alias": undefined,
                                "arguments": Array [],
                                "directives": Array [],
                                "kind": "Field",
                                "name": Object {
                                  "kind": "Name",
                                  "value": "id",
                                },
                                "selectionSet": undefined,
                              },
                              Object {
                                "alias": undefined,
                                "arguments": Array [],
                                "directives": Array [],
                                "kind": "Field",
                                "name": Object {
                                  "kind": "Name",
                                  "value": "title",
                                },
                                "selectionSet": undefined,
                              },
                              Object {
                                "alias": undefined,
                                "arguments": Array [],
                                "directives": Array [],
                                "kind": "Field",
                                "name": Object {
                                  "kind": "Name",
                                  "value": "poster",
                                },
                                "selectionSet": undefined,
                              },
                            ],
                          },
                        },
                      ],
                    },
                    "variableDefinitions": Array [],
                  },
                ],
                "kind": "Document",
                "loc": Object {
                  "end": 105,
                  "start": 0,
                },
              },
            },
            "ref": null,
            "rendered": [Function],
            "type": [Function],
          },
          "type": "div",
        },
      ],
      "type": "div",
    },
  ],
  Symbol(enzyme.__options__): Object {
    "adapter": ReactSixteenAdapter {
      "options": Object {
        "enableComponentDidUpdateOnSetState": true,
        "lifecycles": Object {
          "componentDidUpdate": Object {
            "onSetState": true,
          },
          "getDerivedStateFromProps": true,
          "getSnapshotBeforeUpdate": true,
          "setState": Object {
            "skipsComponentDidUpdateOnNullish": true,
          },
        },
      },
    },
    "attachTo": undefined,
    "hydrateIn": undefined,
  },
}
`;
