// Jest Snapshot v1, https://goo.gl/fbAQLP

exports[`Movie Check movie render fine 1`] = `
ShallowWrapper {
  Symbol(enzyme.__root__): [Circular],
  Symbol(enzyme.__unrendered__): <Movie
    id="auayuasgsydaguagduavdghasvdhgsa"
    poster="www.google.com"
    title="La pelicula de test"
/>,
  Symbol(enzyme.__renderer__): Object {
    "batchedUpdates": [Function],
    "getNode": [Function],
    "render": [Function],
    "simulateError": [Function],
    "simulateEvent": [Function],
    "unmount": [Function],
  },
  Symbol(enzyme.__node__): Object {
    "instance": null,
    "key": undefined,
    "nodeType": "host",
    "props": Object {
      "children": <div
        className="col-md d-flex aling-items-strech mt-5"
>
        <div
                className="card Movie_card"
        >
                <img
                        alt="Card image cap"
                        className="card-img-top"
                        src="www.google.com"
                />
                <div
                        className="card-body"
                >
                        <h5
                                className="card-title"
                        >
                                La pelicula de test
                        </h5>
                        <Link
                                className="btn btn-primary"
                                replace={false}
                                to="/movie/auayuasgsydaguagduavdghasvdhgsa"
                        >
                                Ver
                        </Link>
                </div>
        </div>
</div>,
    },
    "ref": null,
    "rendered": Object {
      "instance": null,
      "key": undefined,
      "nodeType": "host",
      "props": Object {
        "children": <div
          className="card Movie_card"
>
          <img
                    alt="Card image cap"
                    className="card-img-top"
                    src="www.google.com"
          />
          <div
                    className="card-body"
          >
                    <h5
                              className="card-title"
                    >
                              La pelicula de test
                    </h5>
                    <Link
                              className="btn btn-primary"
                              replace={false}
                              to="/movie/auayuasgsydaguagduavdghasvdhgsa"
                    >
                              Ver
                    </Link>
          </div>
</div>,
        "className": "col-md d-flex aling-items-strech mt-5",
      },
      "ref": null,
      "rendered": Object {
        "instance": null,
        "key": undefined,
        "nodeType": "host",
        "props": Object {
          "children": Array [
            <img
              alt="Card image cap"
              className="card-img-top"
              src="www.google.com"
/>,
            <div
              className="card-body"
>
              <h5
                            className="card-title"
              >
                            La pelicula de test
              </h5>
              <Link
                            className="btn btn-primary"
                            replace={false}
                            to="/movie/auayuasgsydaguagduavdghasvdhgsa"
              >
                            Ver
              </Link>
</div>,
          ],
          "className": "card Movie_card",
        },
        "ref": null,
        "rendered": Array [
          Object {
            "instance": null,
            "key": undefined,
            "nodeType": "host",
            "props": Object {
              "alt": "Card image cap",
              "className": "card-img-top",
              "src": "www.google.com",
            },
            "ref": null,
            "rendered": null,
            "type": "img",
          },
          Object {
            "instance": null,
            "key": undefined,
            "nodeType": "host",
            "props": Object {
              "children": Array [
                <h5
                  className="card-title"
>
                  La pelicula de test
</h5>,
                <Link
                  className="btn btn-primary"
                  replace={false}
                  to="/movie/auayuasgsydaguagduavdghasvdhgsa"
>
                  Ver
</Link>,
              ],
              "className": "card-body",
            },
            "ref": null,
            "rendered": Array [
              Object {
                "instance": null,
                "key": undefined,
                "nodeType": "host",
                "props": Object {
                  "children": "La pelicula de test",
                  "className": "card-title",
                },
                "ref": null,
                "rendered": "La pelicula de test",
                "type": "h5",
              },
              Object {
                "instance": null,
                "key": undefined,
                "nodeType": "class",
                "props": Object {
                  "children": "Ver",
                  "className": "btn btn-primary",
                  "replace": false,
                  "to": "/movie/auayuasgsydaguagduavdghasvdhgsa",
                },
                "ref": null,
                "rendered": "Ver",
                "type": [Function],
              },
            ],
            "type": "div",
          },
        ],
        "type": "div",
      },
      "type": "div",
    },
    "type": "div",
  },
  Symbol(enzyme.__nodes__): Array [
    Object {
      "instance": null,
      "key": undefined,
      "nodeType": "host",
      "props": Object {
        "children": <div
          className="col-md d-flex aling-items-strech mt-5"
>
          <div
                    className="card Movie_card"
          >
                    <img
                              alt="Card image cap"
                              className="card-img-top"
                              src="www.google.com"
                    />
                    <div
                              className="card-body"
                    >
                              <h5
                                        className="card-title"
                              >
                                        La pelicula de test
                              </h5>
                              <Link
                                        className="btn btn-primary"
                                        replace={false}
                                        to="/movie/auayuasgsydaguagduavdghasvdhgsa"
                              >
                                        Ver
                              </Link>
                    </div>
          </div>
</div>,
      },
      "ref": null,
      "rendered": Object {
        "instance": null,
        "key": undefined,
        "nodeType": "host",
        "props": Object {
          "children": <div
            className="card Movie_card"
>
            <img
                        alt="Card image cap"
                        className="card-img-top"
                        src="www.google.com"
            />
            <div
                        className="card-body"
            >
                        <h5
                                    className="card-title"
                        >
                                    La pelicula de test
                        </h5>
                        <Link
                                    className="btn btn-primary"
                                    replace={false}
                                    to="/movie/auayuasgsydaguagduavdghasvdhgsa"
                        >
                                    Ver
                        </Link>
            </div>
</div>,
          "className": "col-md d-flex aling-items-strech mt-5",
        },
        "ref": null,
        "rendered": Object {
          "instance": null,
          "key": undefined,
          "nodeType": "host",
          "props": Object {
            "children": Array [
              <img
                alt="Card image cap"
                className="card-img-top"
                src="www.google.com"
/>,
              <div
                className="card-body"
>
                <h5
                                className="card-title"
                >
                                La pelicula de test
                </h5>
                <Link
                                className="btn btn-primary"
                                replace={false}
                                to="/movie/auayuasgsydaguagduavdghasvdhgsa"
                >
                                Ver
                </Link>
</div>,
            ],
            "className": "card Movie_card",
          },
          "ref": null,
          "rendered": Array [
            Object {
              "instance": null,
              "key": undefined,
              "nodeType": "host",
              "props": Object {
                "alt": "Card image cap",
                "className": "card-img-top",
                "src": "www.google.com",
              },
              "ref": null,
              "rendered": null,
              "type": "img",
            },
            Object {
              "instance": null,
              "key": undefined,
              "nodeType": "host",
              "props": Object {
                "children": Array [
                  <h5
                    className="card-title"
>
                    La pelicula de test
</h5>,
                  <Link
                    className="btn btn-primary"
                    replace={false}
                    to="/movie/auayuasgsydaguagduavdghasvdhgsa"
>
                    Ver
</Link>,
                ],
                "className": "card-body",
              },
              "ref": null,
              "rendered": Array [
                Object {
                  "instance": null,
                  "key": undefined,
                  "nodeType": "host",
                  "props": Object {
                    "children": "La pelicula de test",
                    "className": "card-title",
                  },
                  "ref": null,
                  "rendered": "La pelicula de test",
                  "type": "h5",
                },
                Object {
                  "instance": null,
                  "key": undefined,
                  "nodeType": "class",
                  "props": Object {
                    "children": "Ver",
                    "className": "btn btn-primary",
                    "replace": false,
                    "to": "/movie/auayuasgsydaguagduavdghasvdhgsa",
                  },
                  "ref": null,
                  "rendered": "Ver",
                  "type": [Function],
                },
              ],
              "type": "div",
            },
          ],
          "type": "div",
        },
        "type": "div",
      },
      "type": "div",
    },
  ],
  Symbol(enzyme.__options__): Object {
    "adapter": ReactSixteenAdapter {
      "options": Object {
        "enableComponentDidUpdateOnSetState": true,
        "lifecycles": Object {
          "componentDidUpdate": Object {
            "onSetState": true,
          },
          "getDerivedStateFromProps": true,
          "getSnapshotBeforeUpdate": true,
          "setState": Object {
            "skipsComponentDidUpdateOnNullish": true,
          },
        },
      },
    },
    "attachTo": undefined,
    "hydrateIn": undefined,
  },
}
`;
